python : C:\Users\asus\AppData\Local\Programs\Pyt
hon\Python313\Lib\site-packages\flask_limiter\_ex
tension.py:364: UserWarning: Using the in-memory 
storage for tracking rate limits as no storage 
was explicitly specified. This is not 
recommended for production use. See: https://flas
k-limiter.readthedocs.io#configuring-a-storage-ba
ckend for documentation about configuring the 
storage backend.
At line:1 char:22
+ $env:PYTHONPATH="."; python 
test_new_analytics.py 2>&1 | Out-File -Fi ...
+                      
~~~~~~~~~~~~~~~~~~~~~~~~~~~~~~~~~
    + CategoryInfo          : NotSpecified: (C:\ 
   Users\asus\A...torage backend.:String) [], R  
  emoteException
    + FullyQualifiedErrorId : NativeCommandError
 
  warnings.warn(
2026-01-05 16:19:46,456 - INFO - Database tables created successfully
2026-01-05 16:19:46,606 - INFO - Database seeded successfully
2026-01-05 16:19:46,606 - INFO - Application started in development mode
Performance Trends:
[
  {
    "month": "2025-07",
    "rate": 100.0,
    "total": 1
  },
  {
    "month": "2025-08",
    "rate": 100.0,
    "total": 1
  },
  {
    "month": "2025-09",
    "rate": 50.0,
    "total": 4
  },
  {
    "month": "2025-10",
    "rate": 100.0,
    "total": 2
  },
  {
    "month": "2025-11",
    "rate": 40.0,
    "total": 5
  },
  {
    "month": "2025-12",
    "rate": 50.0,
    "total": 4
  }
]
Traceback (most recent call last):
  File "D:\AgriDecision-TN\backend\test_new_analy
tics.py", line 22, in <module>
    test()
    ~~~~^^
  File "D:\AgriDecision-TN\backend\test_new_analy
tics.py", line 13, in test
    csaa = 
AdvancedAnalyticsService.calculate_csaa(user_id)
  File "D:\AgriDecision-TN\backend\services\advan
ced_analytics.py", line 329, in calculate_csaa
    ).group_by(Crop.name).all()
                          ~~~^^
  File "C:\Users\asus\AppData\Local\Programs\Pyth
on\Python313\Lib\site-packages\sqlalchemy\orm\que
ry.py", line 2704, in all
    return self._iter().all()  # type: ignore
           ~~~~~~~~~~^^
  File "C:\Users\asus\AppData\Local\Programs\Pyth
on\Python313\Lib\site-packages\sqlalchemy\orm\que
ry.py", line 2857, in _iter
    result: Union[ScalarResult[_T], Result[_T]] 
= self.session.execute(
                                                 
 ~~~~~~~~~~~~~~~~~~~~^
        statement,
        ^^^^^^^^^^
        params,
        ^^^^^^^
        
execution_options={"_sa_orm_load_options": 
self.load_options},
        ^^^^^^^^^^^^^^^^^^^^^^^^^^^^^^^^^^^^^^^^^
^^^^^^^^^^^^^^^^^^^^^
    )
    ^
  File "C:\Users\asus\AppData\Local\Programs\Pyth
on\Python313\Lib\site-packages\sqlalchemy\orm\ses
sion.py", line 2351, in execute
    return self._execute_internal(
           ~~~~~~~~~~~~~~~~~~~~~~^
        statement,
        ^^^^^^^^^^
    ...<4 lines>...
        _add_event=_add_event,
        ^^^^^^^^^^^^^^^^^^^^^^
    )
    ^
  File "C:\Users\asus\AppData\Local\Programs\Pyth
on\Python313\Lib\site-packages\sqlalchemy\orm\ses
sion.py", line 2249, in _execute_internal
    result: Result[Any] = 
compile_state_cls.orm_execute_statement(
                          
~~~~~~~~~~~~~~~~~~~~~~~~~~~~~~~~~~~~~~~^
        self,
        ^^^^^
    ...<4 lines>...
        conn,
        ^^^^^
    )
    ^
  File "C:\Users\asus\AppData\Local\Programs\Pyth
on\Python313\Lib\site-packages\sqlalchemy\orm\con
text.py", line 306, in orm_execute_statement
    result = conn.execute(
        statement, params or {}, 
execution_options=execution_options
    )
  File "C:\Users\asus\AppData\Local\Programs\Pyth
on\Python313\Lib\site-packages\sqlalchemy\engine\
base.py", line 1419, in execute
    return meth(
        self,
        distilled_parameters,
        execution_options or NO_OPTIONS,
    )
  File "C:\Users\asus\AppData\Local\Programs\Pyth
on\Python313\Lib\site-packages\sqlalchemy\sql\ele
ments.py", line 527, in _execute_on_connection
    return connection._execute_clauseelement(
           ~~~~~~~~~~~~~~~~~~~~~~~~~~~~~~~~~^
        self, distilled_params, execution_options
        ^^^^^^^^^^^^^^^^^^^^^^^^^^^^^^^^^^^^^^^^^
    )
    ^
  File "C:\Users\asus\AppData\Local\Programs\Pyth
on\Python313\Lib\site-packages\sqlalchemy\engine\
base.py", line 1633, in _execute_clauseelement
    compiled_sql, extracted_params, cache_hit = 
elem._compile_w_cache(
                                                
~~~~~~~~~~~~~~~~~~~~~^
        dialect=dialect,
        ^^^^^^^^^^^^^^^^
    ...<4 lines>...
        linting=self.dialect.compiler_linting | 
compiler.WARN_LINTING,
        ^^^^^^^^^^^^^^^^^^^^^^^^^^^^^^^^^^^^^^^^^
^^^^^^^^^^^^^^^^^^^^^
    )
    ^
  File "C:\Users\asus\AppData\Local\Programs\Pyth
on\Python313\Lib\site-packages\sqlalchemy\sql\ele
ments.py", line 716, in _compile_w_cache
    compiled_sql = self._compiler(
        dialect,
    ...<4 lines>...
        **kw,
    )
  File "C:\Users\asus\AppData\Local\Programs\Pyth
on\Python313\Lib\site-packages\sqlalchemy\sql\ele
ments.py", line 324, in _compiler
    return dialect.statement_compiler(dialect, 
self, **kw)
           
~~~~~~~~~~~~~~~~~~~~~~~~~~^^^^^^^^^^^^^^^^^^^^^
  File "C:\Users\asus\AppData\Local\Programs\Pyth
on\Python313\Lib\site-packages\sqlalchemy\sql\com
piler.py", line 1447, in __init__
    Compiled.__init__(self, dialect, statement, 
**kwargs)
    ~~~~~~~~~~~~~~~~~^^^^^^^^^^^^^^^^^^^^^^^^^^^^
^^^^^^^^
  File "C:\Users\asus\AppData\Local\Programs\Pyth
on\Python313\Lib\site-packages\sqlalchemy\sql\com
piler.py", line 887, in __init__
    self.string = self.process(self.statement, 
**compile_kwargs)
                  
~~~~~~~~~~~~^^^^^^^^^^^^^^^^^^^^^^^^^^^^^^^^^^
  File "C:\Users\asus\AppData\Local\Programs\Pyth
on\Python313\Lib\site-packages\sqlalchemy\sql\com
piler.py", line 933, in process
    return obj._compiler_dispatch(self, **kwargs)
           ~~~~~~~~~~~~~~~~~~~~~~^^^^^^^^^^^^^^^^
  File "C:\Users\asus\AppData\Local\Programs\Pyth
on\Python313\Lib\site-packages\sqlalchemy\sql\vis
itors.py", line 138, in _compiler_dispatch
    return meth(self, **kw)  # type: ignore  # 
noqa: E501
  File "C:\Users\asus\AppData\Local\Programs\Pyth
on\Python313\Lib\site-packages\sqlalchemy\sql\com
piler.py", line 4782, in visit_select
    compile_state = 
select_stmt._compile_state_factory(
        select_stmt, self, **kwargs
    )
  File "C:\Users\asus\AppData\Local\Programs\Pyth
on\Python313\Lib\site-packages\sqlalchemy\sql\bas
e.py", line 701, in create_for_statement
    return klass.create_for_statement(statement, 
compiler, **kw)
           ~~~~~~~~~~~~~~~~~~~~~~~~~~^^^^^^^^^^^^
^^^^^^^^^^^^^^^
  File "C:\Users\asus\AppData\Local\Programs\Pyth
on\Python313\Lib\site-packages\sqlalchemy\orm\con
text.py", line 447, in create_for_statement
    return cls._create_orm_context(
           ~~~~~~~~~~~~~~~~~~~~~~~^
        cast("Union[Select, FromStatement]", 
statement),
        
^^^^^^^^^^^^^^^^^^^^^^^^^^^^^^^^^^^^^^^^^^^^^^^^
    ...<2 lines>...
        **kw,
        ^^^^^
    )
    ^
  File "C:\Users\asus\AppData\Local\Programs\Pyth
on\Python313\Lib\site-packages\sqlalchemy\orm\con
text.py", line 1246, in _create_orm_context
    self._setup_for_generate()
    ~~~~~~~~~~~~~~~~~~~~~~~~^^
  File "C:\Users\asus\AppData\Local\Programs\Pyth
on\Python313\Lib\site-packages\sqlalchemy\orm\con
text.py", line 1281, in _setup_for_generate
    self._join(query._setup_joins, 
self._entities)
    
~~~~~~~~~~^^^^^^^^^^^^^^^^^^^^^^^^^^^^^^^^^^^^
  File "C:\Users\asus\AppData\Local\Programs\Pyth
on\Python313\Lib\site-packages\sqlalchemy\orm\con
text.py", line 1922, in _join
    self._join_left_to_right(
    ~~~~~~~~~~~~~~~~~~~~~~~~^
        entities_collection,
        ^^^^^^^^^^^^^^^^^^^^
    ...<5 lines>...
        full,
        ^^^^^
    )
    ^
  File "C:\Users\asus\AppData\Local\Programs\Pyth
on\Python313\Lib\site-packages\sqlalchemy\orm\con
text.py", line 1957, in _join_left_to_right
    ) = self._join_determine_implicit_left_side(
        ~~~~~~~~~~~~~~~~~~~~~~~~~~~~~~~~~~~~~~~^
        entities_collection, left, right, 
onclause
        
^^^^^^^^^^^^^^^^^^^^^^^^^^^^^^^^^^^^^^^^^^
    )
    ^
  File "C:\Users\asus\AppData\Local\Programs\Pyth
on\Python313\Lib\site-packages\sqlalchemy\orm\con
text.py", line 2112, in 
_join_determine_implicit_left_side
    raise sa_exc.InvalidRequestError(
    ...<6 lines>...
    )
sqlalchemy.exc.InvalidRequestError: Can't 
determine which FROM clause to join from, there 
are multiple FROMS which can join to this 
entity. Please use the .select_from() method to 
establish an explicit left side, as well as 
providing an explicit ON clause if not present 
already to help resolve the ambiguity.
